   Compiling bevy_reflect v0.15.3
   Compiling windows v0.58.0
   Compiling naga v23.1.0
   Compiling windows v0.54.0
   Compiling read-fonts v0.22.7
   Compiling gltf-json v1.4.1
   Compiling egui v0.29.1
   Compiling gltf v1.4.1
   Compiling skrifa v0.22.3
   Compiling bevy_ecs v0.15.4
   Compiling bevy_math v0.15.3
   Compiling naga_oil v0.16.0
   Compiling swash v0.1.19
